
> dduksang-lab@0.1.0 build
> next build

  ▲ Next.js 14.2.31
  - Environments: .env.local
  - Experiments (use with caution):
    · esmExternals

   Creating an optimized production build ...
 ✓ Compiled successfully
   Linting and checking validity of types ...
   Collecting page data ...
   Generating static pages (0/20) ...
   Generating static pages (5/20) 
   Generating static pages (10/20) 
   Generating static pages (15/20) 
 ✓ Generating static pages (20/20)
   Finalizing page optimization ...
   Collecting build traces ...

Route (app)                              Size     First Load JS
┌ ○ /                                    2.44 kB        89.7 kB
├ ○ /_not-found                          138 B          87.4 kB
├ ƒ /api/admin/init                      0 B                0 B
├ ƒ /api/admin/settings                  0 B                0 B
├ ƒ /api/ai-trends                       0 B                0 B
├ ƒ /api/ai-trends/[slug]                0 B                0 B
├ ƒ /api/ai-trends/collect               0 B                0 B
├ ƒ /api/automation/content              0 B                0 B
├ ƒ /api/automation/orchestrator         0 B                0 B
├ ƒ /api/automation/scheduler            0 B                0 B
├ ƒ /api/automation/secure-blog          0 B                0 B
├ ƒ /api/automation/workflow             0 B                0 B
├ ƒ /api/cron/collect-ai-trends          0 B                0 B
├ ƒ /api/monitoring                      0 B                0 B
├ ƒ /api/payment                         0 B                0 B
├ ƒ /api/payment/callback                0 B                0 B
├ ƒ /api/payment/webhook                 0 B                0 B
├ ƒ /api/webhook/telegram                0 B                0 B
├ ƒ /auth/login                          2.35 kB         142 kB
├ ƒ /auth/signup                         2.4 kB          142 kB
├ ○ /lectures                            8.44 kB         148 kB
├ ○ /robots.txt                          0 B                0 B
└ ○ /sitemap.xml                         0 B                0 B
+ First Load JS shared by all            87.2 kB
  ├ chunks/117-12ba91cf65d77748.js       31.6 kB
  ├ chunks/fd9d1056-a4fc1defb06d3e84.js  53.6 kB
  └ other shared chunks (total)          2.04 kB


○  (Static)   prerendered as static content
ƒ  (Dynamic)  server-rendered on demand

